GowinSynthesis start
Running parser ...
Analyzing Verilog file 'C:\Users\24165\Desktop\acm2108_ddr3_udp\src\ACM2108\DDS_Module.v'
Analyzing Verilog file 'C:\Users\24165\Desktop\acm2108_ddr3_udp\src\ACM2108\acm2108_test.v'
Analyzing Verilog file 'C:\Users\24165\Desktop\acm2108_ddr3_udp\src\ACM2108\key_filter.v'
Analyzing Verilog file 'C:\Users\24165\Desktop\acm2108_ddr3_udp\src\ACM2108\sin_rom_a8d8.v'
Analyzing Verilog file 'C:\Users\24165\Desktop\acm2108_ddr3_udp\src\ACM2108\square_wave_rom_a8d8.v'
Analyzing Verilog file 'C:\Users\24165\Desktop\acm2108_ddr3_udp\src\ACM2108\triangular_rom_a8d8.v'
Analyzing Verilog file 'C:\Users\24165\Desktop\acm2108_ddr3_udp\src\acm2108_ddr3_udp.v'
Analyzing Verilog file 'C:\Users\24165\Desktop\acm2108_ddr3_udp\src\ad_8bit_to_16bit.v'
Analyzing Verilog file 'C:\Users\24165\Desktop\acm2108_ddr3_udp\src\cmd_rx.v'
Analyzing Verilog file 'C:\Users\24165\Desktop\acm2108_ddr3_udp\src\ddr3_ctrl_2port\ddr3_ctrl_2port.v'
Undeclared symbol 'app_rd_data_end', assumed default net type 'wire'("C:\Users\24165\Desktop\acm2108_ddr3_udp\src\ddr3_ctrl_2port\ddr3_ctrl_2port.v":151)
Undeclared symbol 'app_sr_active', assumed default net type 'wire'("C:\Users\24165\Desktop\acm2108_ddr3_udp\src\ddr3_ctrl_2port\ddr3_ctrl_2port.v":154)
Undeclared symbol 'app_ref_ack', assumed default net type 'wire'("C:\Users\24165\Desktop\acm2108_ddr3_udp\src\ddr3_ctrl_2port\ddr3_ctrl_2port.v":155)
Analyzing Verilog file 'C:\Users\24165\Desktop\acm2108_ddr3_udp\src\ddr3_ctrl_2port\fifo_ddr3_adapter.v'
WARN  (EX3628) : Redeclaration of ANSI port 'app_addr' is not allowed("C:\Users\24165\Desktop\acm2108_ddr3_udp\src\ddr3_ctrl_2port\fifo_ddr3_adapter.v":55)
Analyzing Verilog file 'C:\Users\24165\Desktop\acm2108_ddr3_udp\src\ddr3_memory_interface\ddr3_memory_interface.v'
Analyzing Verilog file 'C:\Users\24165\Desktop\acm2108_ddr3_udp\src\ddr_pll\ddr_pll.v'
Analyzing Verilog file 'C:\Users\24165\Desktop\acm2108_ddr3_udp\src\ddr_pll\ddr_pll_mod.v'
Analyzing Verilog file 'C:\Users\24165\Desktop\acm2108_ddr3_udp\src\eth_cmd.v'
Analyzing Verilog file 'C:\Users\24165\Desktop\acm2108_ddr3_udp\src\eth_pll\eth_pll.v'
Analyzing Verilog file 'C:\Users\24165\Desktop\acm2108_ddr3_udp\src\eth_pll\eth_pll_mod.v'
Analyzing Verilog file 'C:\Users\24165\Desktop\acm2108_ddr3_udp\src\eth_send_ctrl.v'
Analyzing Verilog file 'C:\Users\24165\Desktop\acm2108_ddr3_udp\src\eth_udp_gmii\crc32_d8.v'
Analyzing Verilog file 'C:\Users\24165\Desktop\acm2108_ddr3_udp\src\eth_udp_gmii\eth_udp_rx_gmii.v'
Analyzing Verilog file 'C:\Users\24165\Desktop\acm2108_ddr3_udp\src\eth_udp_gmii\eth_udp_tx_gmii.v'
Analyzing Verilog file 'C:\Users\24165\Desktop\acm2108_ddr3_udp\src\eth_udp_gmii\ip_checksum.v'
Analyzing Verilog file 'C:\Users\24165\Desktop\acm2108_ddr3_udp\src\fifo_rx\fifo_rx.v'
Analyzing Verilog file 'C:\Users\24165\Desktop\acm2108_ddr3_udp\src\fifo_tx\fifo_tx.v'
Analyzing Verilog file 'C:\Users\24165\Desktop\acm2108_ddr3_udp\src\gmii_rgmii_gmii\gmii_to_rgmii.v'
WARN  (EX3788) : Block identifier is required on this block("C:\Users\24165\Desktop\acm2108_ddr3_udp\src\gmii_rgmii_gmii\gmii_to_rgmii.v":58)
Analyzing Verilog file 'C:\Users\24165\Desktop\acm2108_ddr3_udp\src\gmii_rgmii_gmii\rgmii_to_gmii.v'
Analyzing Verilog file 'C:\Users\24165\Desktop\acm2108_ddr3_udp\src\gowin_pll\gowin_pll.v'
Analyzing Verilog file 'C:\Users\24165\Desktop\acm2108_ddr3_udp\src\gowin_pll\gowin_pll_mod.v'
Analyzing Verilog file 'C:\Users\24165\Desktop\acm2108_ddr3_udp\src\pll_init.v'
Analyzing Verilog file 'C:\Users\24165\Desktop\acm2108_ddr3_udp\src\pll_mDRP_intf.v'
Analyzing Verilog file 'C:\Users\24165\Desktop\acm2108_ddr3_udp\src\rd_data_fifo\rd_data_fifo.v'
Analyzing Verilog file 'C:\Users\24165\Desktop\acm2108_ddr3_udp\src\speed_ctrl.v'
Analyzing Verilog file 'C:\Users\24165\Desktop\acm2108_ddr3_udp\src\state_ctrl.v'
Analyzing Verilog file 'C:\Users\24165\Desktop\acm2108_ddr3_udp\src\wr_data_fifo\wr_data_fifo.v'
Compiling module 'acm2108_ddr3_udp'("C:\Users\24165\Desktop\acm2108_ddr3_udp\src\acm2108_ddr3_udp.v":2)
Compiling module 'Gowin_PLL'("C:\Users\24165\Desktop\acm2108_ddr3_udp\src\gowin_pll\gowin_pll.v":1)
Compiling module 'Gowin_PLL_MOD'("C:\Users\24165\Desktop\acm2108_ddr3_udp\src\gowin_pll\gowin_pll_mod.v":10)
Compiling module 'PLL_INIT(MULTI_FAC=15)'("C:\Users\24165\Desktop\acm2108_ddr3_udp\src\pll_init.v":4)
Compiling module 'eth_pll'("C:\Users\24165\Desktop\acm2108_ddr3_udp\src\eth_pll\eth_pll.v":1)
Compiling module 'eth_pll_MOD'("C:\Users\24165\Desktop\acm2108_ddr3_udp\src\eth_pll\eth_pll_mod.v":10)
Compiling module 'PLL_INIT(MULTI_FAC=12)'("C:\Users\24165\Desktop\acm2108_ddr3_udp\src\pll_init.v":4)
Compiling module 'rgmii_to_gmii'("C:\Users\24165\Desktop\acm2108_ddr3_udp\src\gmii_rgmii_gmii\rgmii_to_gmii.v":17)
Compiling module 'eth_udp_rx_gmii'("C:\Users\24165\Desktop\acm2108_ddr3_udp\src\eth_udp_gmii\eth_udp_rx_gmii.v":18)
Compiling module 'ip_checksum'("C:\Users\24165\Desktop\acm2108_ddr3_udp\src\eth_udp_gmii\ip_checksum.v":18)
Compiling module 'crc32_d8'("C:\Users\24165\Desktop\acm2108_ddr3_udp\src\eth_udp_gmii\crc32_d8.v":20)
Compiling module 'fifo_rx'("C:\Users\24165\Desktop\acm2108_ddr3_udp\src\fifo_rx\fifo_rx.v":469)
Compiling module '**'("C:\Users\24165\Desktop\acm2108_ddr3_udp\src\fifo_rx\fifo_rx.v":468)
Compiling module 'eth_cmd'("C:\Users\24165\Desktop\acm2108_ddr3_udp\src\eth_cmd.v":2)
WARN  (EX2629) : Delay control is not supported for synthesis("C:\Users\24165\Desktop\acm2108_ddr3_udp\src\eth_cmd.v":68)
Compiling module 'cmd_rx'("C:\Users\24165\Desktop\acm2108_ddr3_udp\src\cmd_rx.v":22)
Compiling module 'speed_ctrl'("C:\Users\24165\Desktop\acm2108_ddr3_udp\src\speed_ctrl.v":1)
Compiling module 'ad_8bit_to_16bit'("C:\Users\24165\Desktop\acm2108_ddr3_udp\src\ad_8bit_to_16bit.v":2)
Compiling module 'acm2108_test'("C:\Users\24165\Desktop\acm2108_ddr3_udp\src\ACM2108\acm2108_test.v":46)
Compiling module 'DDS_Module'("C:\Users\24165\Desktop\acm2108_ddr3_udp\src\ACM2108\DDS_Module.v":11)
Compiling module 'sin_rom_a8d8'("C:\Users\24165\Desktop\acm2108_ddr3_udp\src\ACM2108\sin_rom_a8d8.v":1)
Extracting RAM for identifier 'rom'("C:\Users\24165\Desktop\acm2108_ddr3_udp\src\ACM2108\sin_rom_a8d8.v":17)
Compiling module 'square_wave_rom_a8d8'("C:\Users\24165\Desktop\acm2108_ddr3_udp\src\ACM2108\square_wave_rom_a8d8.v":1)
Extracting RAM for identifier 'rom'("C:\Users\24165\Desktop\acm2108_ddr3_udp\src\ACM2108\square_wave_rom_a8d8.v":17)
Compiling module 'triangular_rom_a8d8'("C:\Users\24165\Desktop\acm2108_ddr3_udp\src\ACM2108\triangular_rom_a8d8.v":1)
Extracting RAM for identifier 'rom'("C:\Users\24165\Desktop\acm2108_ddr3_udp\src\ACM2108\triangular_rom_a8d8.v":17)
Compiling module 'key_filter'("C:\Users\24165\Desktop\acm2108_ddr3_udp\src\ACM2108\key_filter.v":11)
Compiling module 'state_ctrl'("C:\Users\24165\Desktop\acm2108_ddr3_udp\src\state_ctrl.v":18)
Compiling module '**'("C:\Users\24165\Desktop\acm2108_ddr3_udp\src\pll_mDRP_intf.v":76)
Compiling module 'ddr_pll'("C:\Users\24165\Desktop\acm2108_ddr3_udp\src\ddr_pll\ddr_pll.v":1)
Compiling module 'ddr_pll_MOD'("C:\Users\24165\Desktop\acm2108_ddr3_udp\src\ddr_pll\ddr_pll_mod.v":10)
Compiling module 'PLL_INIT(MULTI_FAC=16)'("C:\Users\24165\Desktop\acm2108_ddr3_udp\src\pll_init.v":4)
Compiling module 'ddr3_ctrl_2port'("C:\Users\24165\Desktop\acm2108_ddr3_udp\src\ddr3_ctrl_2port\ddr3_ctrl_2port.v":1)
Compiling module 'fifo_ddr3_adapter'("C:\Users\24165\Desktop\acm2108_ddr3_udp\src\ddr3_ctrl_2port\fifo_ddr3_adapter.v":2)
WARN  (EX3791) : Expression size 29 truncated to fit in target size 28("C:\Users\24165\Desktop\acm2108_ddr3_udp\src\ddr3_ctrl_2port\fifo_ddr3_adapter.v":260)
WARN  (EX3791) : Expression size 29 truncated to fit in target size 28("C:\Users\24165\Desktop\acm2108_ddr3_udp\src\ddr3_ctrl_2port\fifo_ddr3_adapter.v":264)
WARN  (EX3791) : Expression size 29 truncated to fit in target size 28("C:\Users\24165\Desktop\acm2108_ddr3_udp\src\ddr3_ctrl_2port\fifo_ddr3_adapter.v":274)
WARN  (EX3791) : Expression size 29 truncated to fit in target size 28("C:\Users\24165\Desktop\acm2108_ddr3_udp\src\ddr3_ctrl_2port\fifo_ddr3_adapter.v":278)
Compiling module 'rd_data_fifo'("C:\Users\24165\Desktop\acm2108_ddr3_udp\src\rd_data_fifo\rd_data_fifo.v":1424)
Compiling module '**'("C:\Users\24165\Desktop\acm2108_ddr3_udp\src\rd_data_fifo\rd_data_fifo.v":1423)
Compiling module 'wr_data_fifo'("C:\Users\24165\Desktop\acm2108_ddr3_udp\src\wr_data_fifo\wr_data_fifo.v":791)
Compiling module '**'("C:\Users\24165\Desktop\acm2108_ddr3_udp\src\wr_data_fifo\wr_data_fifo.v":790)
Compiling module 'DDR3_Memory_Interface_Top'("C:\Users\24165\Desktop\acm2108_ddr3_udp\src\ddr3_memory_interface\ddr3_memory_interface.v":19103)
Compiling module '**'("C:\Users\24165\Desktop\acm2108_ddr3_udp\src\ddr3_memory_interface\ddr3_memory_interface.v":19102)
WARN  (EX3670) : Actual bit length 32 differs from formal bit length 1 for port 'burst'("C:\Users\24165\Desktop\acm2108_ddr3_udp\src\ddr3_ctrl_2port\ddr3_ctrl_2port.v":159)
Compiling module 'fifo_tx'("C:\Users\24165\Desktop\acm2108_ddr3_udp\src\fifo_tx\fifo_tx.v":816)
Compiling module '**'("C:\Users\24165\Desktop\acm2108_ddr3_udp\src\fifo_tx\fifo_tx.v":815)
WARN  (EX3670) : Actual bit length 15 differs from formal bit length 12 for port 'Rnum'("C:\Users\24165\Desktop\acm2108_ddr3_udp\src\acm2108_ddr3_udp.v":468)
Compiling module 'eth_send_ctrl'("C:\Users\24165\Desktop\acm2108_ddr3_udp\src\eth_send_ctrl.v":4)
WARN  (EX3791) : Expression size 32 truncated to fit in target size 16("C:\Users\24165\Desktop\acm2108_ddr3_udp\src\eth_send_ctrl.v":44)
WARN  (EX3791) : Expression size 32 truncated to fit in target size 16("C:\Users\24165\Desktop\acm2108_ddr3_udp\src\eth_send_ctrl.v":88)
WARN  (EX3670) : Actual bit length 15 differs from formal bit length 11 for port 'fifo_rd_cnt'("C:\Users\24165\Desktop\acm2108_ddr3_udp\src\acm2108_ddr3_udp.v":481)
Compiling module 'eth_udp_tx_gmii'("C:\Users\24165\Desktop\acm2108_ddr3_udp\src\eth_udp_gmii\eth_udp_tx_gmii.v":21)
Compiling module 'gmii_to_rgmii'("C:\Users\24165\Desktop\acm2108_ddr3_udp\src\gmii_rgmii_gmii\gmii_to_rgmii.v":20)
WARN  (EX3670) : Actual bit length 32 differs from formal bit length 1 for port 'TX'("C:\Users\24165\Desktop\acm2108_ddr3_udp\src\gmii_rgmii_gmii\gmii_to_rgmii.v":55)
WARN  (EX3670) : Actual bit length 32 differs from formal bit length 1 for port 'TX'("C:\Users\24165\Desktop\acm2108_ddr3_udp\src\gmii_rgmii_gmii\gmii_to_rgmii.v":55)
WARN  (EX3670) : Actual bit length 32 differs from formal bit length 1 for port 'TX'("C:\Users\24165\Desktop\acm2108_ddr3_udp\src\gmii_rgmii_gmii\gmii_to_rgmii.v":55)
WARN  (EX3670) : Actual bit length 32 differs from formal bit length 1 for port 'TX'("C:\Users\24165\Desktop\acm2108_ddr3_udp\src\gmii_rgmii_gmii\gmii_to_rgmii.v":55)
WARN  (EX3670) : Actual bit length 32 differs from formal bit length 1 for port 'TX'("C:\Users\24165\Desktop\acm2108_ddr3_udp\src\gmii_rgmii_gmii\gmii_to_rgmii.v":67)
WARN  (EX3670) : Actual bit length 32 differs from formal bit length 1 for port 'D0'("C:\Users\24165\Desktop\acm2108_ddr3_udp\src\gmii_rgmii_gmii\gmii_to_rgmii.v":76)
WARN  (EX3670) : Actual bit length 32 differs from formal bit length 1 for port 'D1'("C:\Users\24165\Desktop\acm2108_ddr3_udp\src\gmii_rgmii_gmii\gmii_to_rgmii.v":77)
WARN  (EX3670) : Actual bit length 32 differs from formal bit length 1 for port 'TX'("C:\Users\24165\Desktop\acm2108_ddr3_udp\src\gmii_rgmii_gmii\gmii_to_rgmii.v":78)
WARN  (EX2565) : Input 'mdclk' on this instance is undriven. Assigning to 0, simulation mismatch possible. Please assign the input or remove the declaration("C:\Users\24165\Desktop\acm2108_ddr3_udp\src\acm2108_ddr3_udp.v":209)
WARN  (EX2565) : Input 'data_overflow_i' on this instance is undriven. Assigning to 0, simulation mismatch possible. Please assign the input or remove the declaration("C:\Users\24165\Desktop\acm2108_ddr3_udp\src\acm2108_ddr3_udp.v":248)
WARN  (EX2565) : Input 'AD1[7]' on this instance is undriven. Assigning to 0, simulation mismatch possible. Please assign the input or remove the declaration("C:\Users\24165\Desktop\acm2108_ddr3_udp\src\acm2108_ddr3_udp.v":318)
WARN  (EX2565) : Input 'AD1[6]' on this instance is undriven. Assigning to 0, simulation mismatch possible. Please assign the input or remove the declaration("C:\Users\24165\Desktop\acm2108_ddr3_udp\src\acm2108_ddr3_udp.v":318)
WARN  (EX2565) : Input 'AD1[5]' on this instance is undriven. Assigning to 0, simulation mismatch possible. Please assign the input or remove the declaration("C:\Users\24165\Desktop\acm2108_ddr3_udp\src\acm2108_ddr3_udp.v":318)
WARN  (EX2565) : Input 'AD1[4]' on this instance is undriven. Assigning to 0, simulation mismatch possible. Please assign the input or remove the declaration("C:\Users\24165\Desktop\acm2108_ddr3_udp\src\acm2108_ddr3_udp.v":318)
WARN  (EX2565) : Input 'AD1[3]' on this instance is undriven. Assigning to 0, simulation mismatch possible. Please assign the input or remove the declaration("C:\Users\24165\Desktop\acm2108_ddr3_udp\src\acm2108_ddr3_udp.v":318)
WARN  (EX2565) : Input 'AD1[2]' on this instance is undriven. Assigning to 0, simulation mismatch possible. Please assign the input or remove the declaration("C:\Users\24165\Desktop\acm2108_ddr3_udp\src\acm2108_ddr3_udp.v":318)
WARN  (EX2565) : Input 'AD1[1]' on this instance is undriven. Assigning to 0, simulation mismatch possible. Please assign the input or remove the declaration("C:\Users\24165\Desktop\acm2108_ddr3_udp\src\acm2108_ddr3_udp.v":318)
WARN  (EX2565) : Input 'AD1[0]' on this instance is undriven. Assigning to 0, simulation mismatch possible. Please assign the input or remove the declaration("C:\Users\24165\Desktop\acm2108_ddr3_udp\src\acm2108_ddr3_udp.v":318)
WARN  (EX2565) : Input 'AD1[7]' on this instance is undriven. Assigning to 0, simulation mismatch possible. Please assign the input or remove the declaration("C:\Users\24165\Desktop\acm2108_ddr3_udp\src\acm2108_ddr3_udp.v":334)
WARN  (EX2565) : Input 'AD1[6]' on this instance is undriven. Assigning to 0, simulation mismatch possible. Please assign the input or remove the declaration("C:\Users\24165\Desktop\acm2108_ddr3_udp\src\acm2108_ddr3_udp.v":334)
WARN  (EX2565) : Input 'AD1[5]' on this instance is undriven. Assigning to 0, simulation mismatch possible. Please assign the input or remove the declaration("C:\Users\24165\Desktop\acm2108_ddr3_udp\src\acm2108_ddr3_udp.v":334)
WARN  (EX2565) : Input 'AD1[4]' on this instance is undriven. Assigning to 0, simulation mismatch possible. Please assign the input or remove the declaration("C:\Users\24165\Desktop\acm2108_ddr3_udp\src\acm2108_ddr3_udp.v":334)
WARN  (EX2565) : Input 'AD1[3]' on this instance is undriven. Assigning to 0, simulation mismatch possible. Please assign the input or remove the declaration("C:\Users\24165\Desktop\acm2108_ddr3_udp\src\acm2108_ddr3_udp.v":334)
WARN  (EX2565) : Input 'AD1[2]' on this instance is undriven. Assigning to 0, simulation mismatch possible. Please assign the input or remove the declaration("C:\Users\24165\Desktop\acm2108_ddr3_udp\src\acm2108_ddr3_udp.v":334)
WARN  (EX2565) : Input 'AD1[1]' on this instance is undriven. Assigning to 0, simulation mismatch possible. Please assign the input or remove the declaration("C:\Users\24165\Desktop\acm2108_ddr3_udp\src\acm2108_ddr3_udp.v":334)
WARN  (EX2565) : Input 'AD1[0]' on this instance is undriven. Assigning to 0, simulation mismatch possible. Please assign the input or remove the declaration("C:\Users\24165\Desktop\acm2108_ddr3_udp\src\acm2108_ddr3_udp.v":334)
NOTE  (EX0101) : Current top module is "acm2108_ddr3_udp"
[5%] Running netlist conversion ...
Running device independent optimization ...
[10%] Optimizing Phase 0 completed
[15%] Optimizing Phase 1 completed
[25%] Optimizing Phase 2 completed
Running inference ...
[30%] Inferring Phase 0 completed
[40%] Inferring Phase 1 completed
[50%] Inferring Phase 2 completed
[55%] Inferring Phase 3 completed
Running technical mapping ...
[60%] Tech-Mapping Phase 0 completed
[65%] Tech-Mapping Phase 1 completed
[75%] Tech-Mapping Phase 2 completed
[80%] Tech-Mapping Phase 3 completed
[90%] Tech-Mapping Phase 4 completed
WARN  (NL0002) : The module "sin_rom_a8d8" instantiated to "ddsrom_sin" is swept in optimizing("C:\Users\24165\Desktop\acm2108_ddr3_udp\src\ACM2108\DDS_Module.v":88)
WARN  (NL0002) : The module "square_wave_rom_a8d8" instantiated to "ddsrom_square" is swept in optimizing("C:\Users\24165\Desktop\acm2108_ddr3_udp\src\ACM2108\DDS_Module.v":94)
WARN  (NL0002) : The module "PLL_INIT" instantiated to "u_pll_init" is swept in optimizing("C:\Users\24165\Desktop\acm2108_ddr3_udp\src\eth_pll\eth_pll.v":49)
WARN  (NL0002) : The module "crc32_d8" instantiated to "crc32_d8" is swept in optimizing("C:\Users\24165\Desktop\acm2108_ddr3_udp\src\eth_udp_gmii\eth_udp_rx_gmii.v":515)
[95%] Generate netlist file "C:\Users\24165\Desktop\acm2108_ddr3_udp\impl\gwsynthesis\acm2108_ddr3_udp.vg" completed
[100%] Generate report file "C:\Users\24165\Desktop\acm2108_ddr3_udp\impl\gwsynthesis\acm2108_ddr3_udp_syn.rpt.html" completed
GowinSynthesis finish
